

================================================================
== Vivado HLS Report for 'data_mover_16b64b'
================================================================
* Date:           Wed Aug 29 10:55:50 2018

* Version:        2018.2.1 (Build 2288704 on Thu Jul 26 18:46:41 MDT 2018)
* Project:        datamover
* Solution:       production
* Product family: zynq
* Target device:  xc7z020clg400-3


================================================================
== Performance Estimates
================================================================
+ Timing (ns): 
    * Summary: 
    +--------+-------+----------+------------+
    |  Clock | Target| Estimated| Uncertainty|
    +--------+-------+----------+------------+
    |ap_clk  |   6.50|     6.321|        2.00|
    +--------+-------+----------+------------+

+ Latency (clock cycles): 
    * Summary: 
    +-----+---------+-----+---------+---------+
    |    Latency    |    Interval   | Pipeline|
    | min |   max   | min |   max   |   Type  |
    +-----+---------+-----+---------+---------+
    |  525|  4203023|  525|  4203023|   none  |
    +-----+---------+-----+---------+---------+

    + Detail: 
        * Instance: 
        +--------------------+---------+-----+---------+-----+---------+---------+
        |                    |         |    Latency    |    Interval   | Pipeline|
        |      Instance      |  Module | min |   max   | min |   max   |   Type  |
        +--------------------+---------+-----+---------+-----+---------+---------+
        |grp_rx_loop_fu_121  |rx_loop  |  522|  4203018|  522|  4203018|   none  |
        |grp_tx_loop_fu_133  |tx_loop  |    4|  4203020|    4|  4203020|   none  |
        +--------------------+---------+-----+---------+-----+---------+---------+

        * Loop: 
        N/A



================================================================
== Utilization Estimates
================================================================
* Summary: 
+-----------------+---------+-------+--------+-------+
|       Name      | BRAM_18K| DSP48E|   FF   |  LUT  |
+-----------------+---------+-------+--------+-------+
|DSP              |        -|      -|       -|      -|
|Expression       |        -|      -|       0|    158|
|FIFO             |        -|      -|       -|      -|
|Instance         |        8|      -|    1427|   2533|
|Memory           |        -|      -|       -|      -|
|Multiplexer      |        -|      -|       -|    129|
|Register         |        -|      -|     192|      -|
+-----------------+---------+-------+--------+-------+
|Total            |        8|      0|    1619|   2820|
+-----------------+---------+-------+--------+-------+
|Available        |      280|    220|  106400|  53200|
+-----------------+---------+-------+--------+-------+
|Utilization (%)  |        2|      0|       1|      5|
+-----------------+---------+-------+--------+-------+

+ Detail: 
    * Instance: 
    +-----------------------------------+---------------------------------+---------+-------+-----+-----+
    |              Instance             |              Module             | BRAM_18K| DSP48E|  FF | LUT |
    +-----------------------------------+---------------------------------+---------+-------+-----+-----+
    |data_mover_16b64b_DMA_m_axi_U      |data_mover_16b64b_DMA_m_axi      |        4|      0|  566|  766|
    |data_mover_16b64b_control_s_axi_U  |data_mover_16b64b_control_s_axi  |        0|      0|  184|  264|
    |grp_rx_loop_fu_121                 |rx_loop                          |        2|      0|  390|  838|
    |grp_tx_loop_fu_133                 |tx_loop                          |        2|      0|  287|  665|
    +-----------------------------------+---------------------------------+---------+-------+-----+-----+
    |Total                              |                                 |        8|      0| 1427| 2533|
    +-----------------------------------+---------------------------------+---------+-------+-----+-----+

    * DSP48: 
    N/A

    * Memory: 
    N/A

    * FIFO: 
    N/A

    * Expression: 
    +-------------------------------------+----------+-------+---+----+------------+------------+
    |            Variable Name            | Operation| DSP48E| FF| LUT| Bitwidth P0| Bitwidth P1|
    +-------------------------------------+----------+-------+---+----+------------+------------+
    |tmp_9_i1_fu_258_p2                   |     +    |      0|  0|  19|           1|          12|
    |tmp_9_i_fu_210_p2                    |     +    |      0|  0|  19|           1|          12|
    |current_buffer_V_loa_1_fu_177_p2     |    and   |      0|  0|   2|           1|           1|
    |data_rx_V_V_0_load_A                 |    and   |      0|  0|   2|           1|           1|
    |data_rx_V_V_0_load_B                 |    and   |      0|  0|   2|           1|           1|
    |data_tx_V_V_1_load_A                 |    and   |      0|  0|   2|           1|           1|
    |data_tx_V_V_1_load_B                 |    and   |      0|  0|   2|           1|           1|
    |not_s_12_fu_294_p2                   |    and   |      0|  0|   2|           1|           1|
    |data_rx_V_V_0_state_cmp_full         |   icmp   |      0|  0|   8|           2|           1|
    |data_tx_V_V_1_state_cmp_full         |   icmp   |      0|  0|   8|           2|           1|
    |tmp_i1_fu_238_p2                     |   icmp   |      0|  0|  13|          11|           1|
    |tmp_i_fu_190_p2                      |   icmp   |      0|  0|  13|          11|           1|
    |ap_block_state3_on_subcall_done      |    or    |      0|  0|   2|           1|           1|
    |ap_sync_grp_rx_loop_fu_121_ap_done   |    or    |      0|  0|   2|           1|           1|
    |ap_sync_grp_rx_loop_fu_121_ap_ready  |    or    |      0|  0|   2|           1|           1|
    |ap_sync_grp_tx_loop_fu_133_ap_done   |    or    |      0|  0|   2|           1|           1|
    |ap_sync_grp_tx_loop_fu_133_ap_ready  |    or    |      0|  0|   2|           1|           1|
    |p_s_fu_288_p2                        |    or    |      0|  0|   2|           1|           1|
    |rx_final_burst_lengt_fu_264_p3       |  select  |      0|  0|  13|           1|          13|
    |rx_loop_count_V_fu_273_p3            |  select  |      0|  0|  12|           1|          12|
    |tx_final_burst_lengt_fu_216_p3       |  select  |      0|  0|  13|           1|          13|
    |tx_loop_count_V_fu_225_p3            |  select  |      0|  0|  12|           1|          12|
    |not_increment_buffer_fu_171_p2       |    xor   |      0|  0|   2|           1|           2|
    |not_s_fu_282_p2                      |    xor   |      0|  0|   2|           1|           2|
    +-------------------------------------+----------+-------+---+----+------------+------------+
    |Total                                |          |      0|  0| 158|          46|          94|
    +-------------------------------------+----------+-------+---+----+------------+------------+

    * Multiplexer: 
    +------------------------+----+-----------+-----+-----------+
    |          Name          | LUT| Input Size| Bits| Total Bits|
    +------------------------+----+-----------+-----+-----------+
    |DMA_ARVALID             |   9|          2|    1|          2|
    |DMA_AWVALID             |   9|          2|    1|          2|
    |DMA_BREADY              |   9|          2|    1|          2|
    |DMA_RREADY              |   9|          2|    1|          2|
    |DMA_WVALID              |   9|          2|    1|          2|
    |ap_NS_fsm               |  27|          5|    1|          5|
    |data_rx_V_V_0_ack_out   |   9|          2|    1|          2|
    |data_rx_V_V_0_data_out  |   9|          2|   16|         32|
    |data_rx_V_V_0_state     |  15|          3|    2|          6|
    |data_tx_V_V_1_data_out  |   9|          2|   16|         32|
    |data_tx_V_V_1_state     |  15|          3|    2|          6|
    +------------------------+----+-----------+-----+-----------+
    |Total                   | 129|         27|   43|         93|
    +------------------------+----+-----------+-----+-----------+

    * Register: 
    +-----------------------------------------+----+----+-----+-----------+
    |                   Name                  | FF | LUT| Bits| Const Bits|
    +-----------------------------------------+----+----+-----+-----------+
    |ap_CS_fsm                                |   4|   0|    4|          0|
    |ap_sync_reg_grp_rx_loop_fu_121_ap_done   |   1|   0|    1|          0|
    |ap_sync_reg_grp_rx_loop_fu_121_ap_ready  |   1|   0|    1|          0|
    |ap_sync_reg_grp_tx_loop_fu_133_ap_done   |   1|   0|    1|          0|
    |ap_sync_reg_grp_tx_loop_fu_133_ap_ready  |   1|   0|    1|          0|
    |current_buffer_V                         |   1|   0|    1|          0|
    |current_buffer_V_loa_1_reg_315           |   1|   0|    1|          0|
    |data_rx_V_V_0_payload_A                  |  16|   0|   16|          0|
    |data_rx_V_V_0_payload_B                  |  16|   0|   16|          0|
    |data_rx_V_V_0_sel_rd                     |   1|   0|    1|          0|
    |data_rx_V_V_0_sel_wr                     |   1|   0|    1|          0|
    |data_rx_V_V_0_state                      |   2|   0|    2|          0|
    |data_tx_V_V_1_payload_A                  |  16|   0|   16|          0|
    |data_tx_V_V_1_payload_B                  |  16|   0|   16|          0|
    |data_tx_V_V_1_sel_rd                     |   1|   0|    1|          0|
    |data_tx_V_V_1_sel_wr                     |   1|   0|    1|          0|
    |data_tx_V_V_1_state                      |   2|   0|    2|          0|
    |grp_rx_loop_fu_121_ap_start_reg          |   1|   0|    1|          0|
    |grp_tx_loop_fu_133_ap_start_reg          |   1|   0|    1|          0|
    |not_s_12_reg_345                         |   1|   0|    1|          0|
    |p_s_reg_341                              |   1|   0|    1|          0|
    |rx_buffer_V3_reg_305                     |  29|   0|   29|          0|
    |rx_final_burst_lengt_reg_331             |  12|   0|   12|          0|
    |rx_loop_count_V_reg_336                  |  12|   0|   12|          0|
    |tx_buffer_V1_reg_310                     |  29|   0|   29|          0|
    |tx_final_burst_lengt_reg_321             |  12|   0|   12|          0|
    |tx_loop_count_V_reg_326                  |  12|   0|   12|          0|
    +-----------------------------------------+----+----+-----+-----------+
    |Total                                    | 192|   0|  192|          0|
    +-----------------------------------------+----+----+-----+-----------+



================================================================
== Interface
================================================================
* Summary: 
+-----------------------+-----+-----+------------+-------------------+--------------+
|       RTL Ports       | Dir | Bits|  Protocol  |   Source Object   |    C Type    |
+-----------------------+-----+-----+------------+-------------------+--------------+
|s_axi_control_AWVALID  |  in |    1|    s_axi   |      control      |    pointer   |
|s_axi_control_AWREADY  | out |    1|    s_axi   |      control      |    pointer   |
|s_axi_control_AWADDR   |  in |    6|    s_axi   |      control      |    pointer   |
|s_axi_control_WVALID   |  in |    1|    s_axi   |      control      |    pointer   |
|s_axi_control_WREADY   | out |    1|    s_axi   |      control      |    pointer   |
|s_axi_control_WDATA    |  in |   32|    s_axi   |      control      |    pointer   |
|s_axi_control_WSTRB    |  in |    4|    s_axi   |      control      |    pointer   |
|s_axi_control_ARVALID  |  in |    1|    s_axi   |      control      |    pointer   |
|s_axi_control_ARREADY  | out |    1|    s_axi   |      control      |    pointer   |
|s_axi_control_ARADDR   |  in |    6|    s_axi   |      control      |    pointer   |
|s_axi_control_RVALID   | out |    1|    s_axi   |      control      |    pointer   |
|s_axi_control_RREADY   |  in |    1|    s_axi   |      control      |    pointer   |
|s_axi_control_RDATA    | out |   32|    s_axi   |      control      |    pointer   |
|s_axi_control_RRESP    | out |    2|    s_axi   |      control      |    pointer   |
|s_axi_control_BVALID   | out |    1|    s_axi   |      control      |    pointer   |
|s_axi_control_BREADY   |  in |    1|    s_axi   |      control      |    pointer   |
|s_axi_control_BRESP    | out |    2|    s_axi   |      control      |    pointer   |
|ap_clk                 |  in |    1| ap_ctrl_hs | data_mover_16b64b | return value |
|ap_rst_n               |  in |    1| ap_ctrl_hs | data_mover_16b64b | return value |
|interrupt              | out |    1| ap_ctrl_hs | data_mover_16b64b | return value |
|m_axi_DMA_AWVALID      | out |    1|    m_axi   |        DMA        |    pointer   |
|m_axi_DMA_AWREADY      |  in |    1|    m_axi   |        DMA        |    pointer   |
|m_axi_DMA_AWADDR       | out |   32|    m_axi   |        DMA        |    pointer   |
|m_axi_DMA_AWID         | out |    1|    m_axi   |        DMA        |    pointer   |
|m_axi_DMA_AWLEN        | out |    8|    m_axi   |        DMA        |    pointer   |
|m_axi_DMA_AWSIZE       | out |    3|    m_axi   |        DMA        |    pointer   |
|m_axi_DMA_AWBURST      | out |    2|    m_axi   |        DMA        |    pointer   |
|m_axi_DMA_AWLOCK       | out |    2|    m_axi   |        DMA        |    pointer   |
|m_axi_DMA_AWCACHE      | out |    4|    m_axi   |        DMA        |    pointer   |
|m_axi_DMA_AWPROT       | out |    3|    m_axi   |        DMA        |    pointer   |
|m_axi_DMA_AWQOS        | out |    4|    m_axi   |        DMA        |    pointer   |
|m_axi_DMA_AWREGION     | out |    4|    m_axi   |        DMA        |    pointer   |
|m_axi_DMA_AWUSER       | out |    1|    m_axi   |        DMA        |    pointer   |
|m_axi_DMA_WVALID       | out |    1|    m_axi   |        DMA        |    pointer   |
|m_axi_DMA_WREADY       |  in |    1|    m_axi   |        DMA        |    pointer   |
|m_axi_DMA_WDATA        | out |   64|    m_axi   |        DMA        |    pointer   |
|m_axi_DMA_WSTRB        | out |    8|    m_axi   |        DMA        |    pointer   |
|m_axi_DMA_WLAST        | out |    1|    m_axi   |        DMA        |    pointer   |
|m_axi_DMA_WID          | out |    1|    m_axi   |        DMA        |    pointer   |
|m_axi_DMA_WUSER        | out |    1|    m_axi   |        DMA        |    pointer   |
|m_axi_DMA_ARVALID      | out |    1|    m_axi   |        DMA        |    pointer   |
|m_axi_DMA_ARREADY      |  in |    1|    m_axi   |        DMA        |    pointer   |
|m_axi_DMA_ARADDR       | out |   32|    m_axi   |        DMA        |    pointer   |
|m_axi_DMA_ARID         | out |    1|    m_axi   |        DMA        |    pointer   |
|m_axi_DMA_ARLEN        | out |    8|    m_axi   |        DMA        |    pointer   |
|m_axi_DMA_ARSIZE       | out |    3|    m_axi   |        DMA        |    pointer   |
|m_axi_DMA_ARBURST      | out |    2|    m_axi   |        DMA        |    pointer   |
|m_axi_DMA_ARLOCK       | out |    2|    m_axi   |        DMA        |    pointer   |
|m_axi_DMA_ARCACHE      | out |    4|    m_axi   |        DMA        |    pointer   |
|m_axi_DMA_ARPROT       | out |    3|    m_axi   |        DMA        |    pointer   |
|m_axi_DMA_ARQOS        | out |    4|    m_axi   |        DMA        |    pointer   |
|m_axi_DMA_ARREGION     | out |    4|    m_axi   |        DMA        |    pointer   |
|m_axi_DMA_ARUSER       | out |    1|    m_axi   |        DMA        |    pointer   |
|m_axi_DMA_RVALID       |  in |    1|    m_axi   |        DMA        |    pointer   |
|m_axi_DMA_RREADY       | out |    1|    m_axi   |        DMA        |    pointer   |
|m_axi_DMA_RDATA        |  in |   64|    m_axi   |        DMA        |    pointer   |
|m_axi_DMA_RLAST        |  in |    1|    m_axi   |        DMA        |    pointer   |
|m_axi_DMA_RID          |  in |    1|    m_axi   |        DMA        |    pointer   |
|m_axi_DMA_RUSER        |  in |    1|    m_axi   |        DMA        |    pointer   |
|m_axi_DMA_RRESP        |  in |    2|    m_axi   |        DMA        |    pointer   |
|m_axi_DMA_BVALID       |  in |    1|    m_axi   |        DMA        |    pointer   |
|m_axi_DMA_BREADY       | out |    1|    m_axi   |        DMA        |    pointer   |
|m_axi_DMA_BRESP        |  in |    2|    m_axi   |        DMA        |    pointer   |
|m_axi_DMA_BID          |  in |    1|    m_axi   |        DMA        |    pointer   |
|m_axi_DMA_BUSER        |  in |    1|    m_axi   |        DMA        |    pointer   |
|data_rx_V_V_TDATA      |  in |   16|    axis    |    data_rx_V_V    |    pointer   |
|data_rx_V_V_TVALID     |  in |    1|    axis    |    data_rx_V_V    |    pointer   |
|data_rx_V_V_TREADY     | out |    1|    axis    |    data_rx_V_V    |    pointer   |
|data_tx_V_V_TDATA      | out |   16|    axis    |    data_tx_V_V    |    pointer   |
|data_tx_V_V_TVALID     | out |    1|    axis    |    data_tx_V_V    |    pointer   |
|data_tx_V_V_TREADY     |  in |    1|    axis    |    data_tx_V_V    |    pointer   |
+-----------------------+-----+-----+------------+-------------------+--------------+

