

================================================================
== Vivado HLS Report for 'rx_axis_words25'
================================================================
* Date:           Mon Jun 11 01:13:34 2018

* Version:        2018.1 (Build 2188600 on Wed Apr 04 19:04:02 MDT 2018)
* Project:        datamover
* Solution:       production
* Product family: zynq
* Target device:  xc7z020clg400-3


================================================================
== Performance Estimates
================================================================
+ Timing (ns): 
    * Summary: 
    +--------+-------+----------+------------+
    |  Clock | Target| Estimated| Uncertainty|
    +--------+-------+----------+------------+
    |ap_clk  |   6.50|      3.30|        2.00|
    +--------+-------+----------+------------+

+ Latency (clock cycles): 
    * Summary: 
    +-----+-----+-----+-----+---------+
    |  Latency  |  Interval | Pipeline|
    | min | max | min | max |   Type  |
    +-----+-----+-----+-----+---------+
    |  515|  515|  515|  515|   none  |
    +-----+-----+-----+-----+---------+

    + Detail: 
        * Instance: 
        N/A

        * Loop: 
        +----------+-----+-----+----------+-----------+-----------+------+----------+
        |          |  Latency  | Iteration|  Initiation Interval  | Trip |          |
        | Loop Name| min | max |  Latency |  achieved |   target  | Count| Pipelined|
        +----------+-----+-----+----------+-----------+-----------+------+----------+
        |- Loop 1  |  512|  512|         2|          1|          1|   512|    yes   |
        +----------+-----+-----+----------+-----------+-----------+------+----------+



================================================================
== Utilization Estimates
================================================================
* Summary: 
+-----------------+---------+-------+--------+-------+
|       Name      | BRAM_18K| DSP48E|   FF   |  LUT  |
+-----------------+---------+-------+--------+-------+
|DSP              |        -|      -|       -|      -|
|Expression       |        -|      -|       0|    119|
|FIFO             |        -|      -|       -|      -|
|Instance         |        -|      -|       -|      -|
|Memory           |        -|      -|       -|      -|
|Multiplexer      |        -|      -|       -|    111|
|Register         |        -|      -|     115|      -|
+-----------------+---------+-------+--------+-------+
|Total            |        0|      0|     115|    230|
+-----------------+---------+-------+--------+-------+
|Available        |      280|    220|  106400|  53200|
+-----------------+---------+-------+--------+-------+
|Utilization (%)  |        0|      0|   ~0   |   ~0  |
+-----------------+---------+-------+--------+-------+

+ Detail: 
    * Instance: 
    N/A

    * DSP48: 
    N/A

    * Memory: 
    N/A

    * FIFO: 
    N/A

    * Expression: 
    +----------------------------------+----------+-------+---+----+------------+------------+
    |           Variable Name          | Operation| DSP48E| FF| LUT| Bitwidth P0| Bitwidth P1|
    +----------------------------------+----------+-------+---+----+------------+------------+
    |data_length_V_1_i_i_s_fu_217_p2   |     +    |      0|  0|  17|          10|           2|
    |i_fu_202_p2                       |     +    |      0|  0|  17|          10|           1|
    |r_V_fu_168_p2                     |     +    |      0|  0|  21|           2|          14|
    |ap_block_pp0_stage0_11001         |    and   |      0|  0|   2|           1|           1|
    |ap_block_state3_pp0_stage0_iter0  |    and   |      0|  0|   2|           1|           1|
    |ap_condition_99                   |    and   |      0|  0|   2|           1|           1|
    |ap_predicate_op33_read_state3     |    and   |      0|  0|   2|           1|           1|
    |exitcond1_i_i_i_fu_196_p2         |   icmp   |      0|  0|  13|          10|          11|
    |tmp_3_i_i_i_fu_211_p2             |   icmp   |      0|  0|  13|          10|           1|
    |tmp_i_i_i_fu_178_p2               |   icmp   |      0|  0|  13|          14|          14|
    |ap_block_state1                   |    or    |      0|  0|   2|           1|           1|
    |final_burst_length_V_4_fu_184_p3  |  select  |      0|  0|  11|           1|          10|
    |ap_enable_pp0                     |    xor   |      0|  0|   2|           1|           2|
    |ap_enable_reg_pp0_iter1           |    xor   |      0|  0|   2|           2|           1|
    +----------------------------------+----------+-------+---+----+------------+------------+
    |Total                             |          |      0|  0| 119|          65|          61|
    +----------------------------------+----------+-------+---+----+------------+------------+

    * Multiplexer: 
    +--------------------------------------------+----+-----------+-----+-----------+
    |                    Name                    | LUT| Input Size| Bits| Total Bits|
    +--------------------------------------------+----+-----------+-----+-----------+
    |ap_NS_fsm                                   |  27|          5|    1|          5|
    |ap_done                                     |   9|          2|    1|          2|
    |ap_enable_reg_pp0_iter1                     |  15|          3|    1|          3|
    |ap_phi_mux_i_i_i_i_phi_fu_140_p4            |   9|          2|   10|         20|
    |ap_phi_reg_pp0_iter1_p_088_1_i_i_i_reg_148  |  15|          3|   64|        192|
    |axis_V_V_TDATA_blk_n                        |   9|          2|    1|          2|
    |i_i_i_i_reg_136                             |   9|          2|   10|         20|
    |p_092_1_i_i_i_fu_82                         |   9|          2|   10|         20|
    |rx_buffer_V_offset_out_blk_n                |   9|          2|    1|          2|
    +--------------------------------------------+----+-----------+-----+-----------+
    |Total                                       | 111|         23|   99|        266|
    +--------------------------------------------+----+-----------+-----+-----------+

    * Register: 
    +--------------------------------------------+----+----+-----+-----------+
    |                    Name                    | FF | LUT| Bits| Const Bits|
    +--------------------------------------------+----+----+-----+-----------+
    |ap_CS_fsm                                   |   4|   0|    4|          0|
    |ap_done_reg                                 |   1|   0|    1|          0|
    |ap_enable_reg_pp0_iter0                     |   1|   0|    1|          0|
    |ap_enable_reg_pp0_iter1                     |   1|   0|    1|          0|
    |ap_phi_reg_pp0_iter1_p_088_1_i_i_i_reg_148  |  64|   0|   64|          0|
    |exitcond1_i_i_i_reg_257                     |   1|   0|    1|          0|
    |i_i_i_i_reg_136                             |  10|   0|   10|          0|
    |i_reg_261                                   |  10|   0|   10|          0|
    |p_092_1_i_i_i_fu_82                         |  10|   0|   10|          0|
    |tmp_i_i_i_reg_252                           |   1|   0|    1|          0|
    |tmp_reg_247                                 |  12|   0|   12|          0|
    +--------------------------------------------+----+----+-----+-----------+
    |Total                                       | 115|   0|  115|          0|
    +--------------------------------------------+----+----+-----+-----------+



================================================================
== Interface
================================================================
* Summary: 
+-------------------------------+-----+-----+------------+------------------------+--------------+
|           RTL Ports           | Dir | Bits|  Protocol  |      Source Object     |    C Type    |
+-------------------------------+-----+-----+------------+------------------------+--------------+
|ap_clk                         |  in |    1| ap_ctrl_hs |     rx_axis_words25    | return value |
|ap_rst                         |  in |    1| ap_ctrl_hs |     rx_axis_words25    | return value |
|ap_start                       |  in |    1| ap_ctrl_hs |     rx_axis_words25    | return value |
|ap_done                        | out |    1| ap_ctrl_hs |     rx_axis_words25    | return value |
|ap_continue                    |  in |    1| ap_ctrl_hs |     rx_axis_words25    | return value |
|ap_idle                        | out |    1| ap_ctrl_hs |     rx_axis_words25    | return value |
|ap_ready                       | out |    1| ap_ctrl_hs |     rx_axis_words25    | return value |
|ap_return                      | out |   21| ap_ctrl_hs |     rx_axis_words25    | return value |
|axis_V_V_TDATA                 |  in |   64|    axis    |        axis_V_V        |    pointer   |
|axis_V_V_TVALID                |  in |    1|    axis    |        axis_V_V        |    pointer   |
|axis_V_V_TREADY                | out |    1|    axis    |        axis_V_V        |    pointer   |
|loop_count_V                   |  in |   13|   ap_none  |      loop_count_V      |    scalar    |
|final_burst_length_V           |  in |   10|   ap_none  |  final_burst_length_V  |    scalar    |
|val_assign                     |  in |   13|   ap_none  |       val_assign       |    scalar    |
|cache_V_address0               | out |    9|  ap_memory |         cache_V        |     array    |
|cache_V_ce0                    | out |    1|  ap_memory |         cache_V        |     array    |
|cache_V_we0                    | out |    1|  ap_memory |         cache_V        |     array    |
|cache_V_d0                     | out |   64|  ap_memory |         cache_V        |     array    |
|rx_buffer_V_offset             |  in |   29|   ap_none  |   rx_buffer_V_offset   |    scalar    |
|rx_buffer_V_offset_out_din     | out |   29|   ap_fifo  | rx_buffer_V_offset_out |    pointer   |
|rx_buffer_V_offset_out_full_n  |  in |    1|   ap_fifo  | rx_buffer_V_offset_out |    pointer   |
|rx_buffer_V_offset_out_write   | out |    1|   ap_fifo  | rx_buffer_V_offset_out |    pointer   |
+-------------------------------+-----+-----+------------+------------------------+--------------+

