

================================================================
== Vivado HLS Report for 'tx_axis_words'
================================================================
* Date:           Wed Aug 29 10:55:47 2018

* Version:        2018.2.1 (Build 2288704 on Thu Jul 26 18:46:41 MDT 2018)
* Project:        datamover
* Solution:       production
* Product family: zynq
* Target device:  xc7z020clg400-3


================================================================
== Performance Estimates
================================================================
+ Timing (ns): 
    * Summary: 
    +--------+-------+----------+------------+
    |  Clock | Target| Estimated| Uncertainty|
    +--------+-------+----------+------------+
    |ap_clk  |   6.50|     3.197|        2.00|
    +--------+-------+----------+------------+

+ Latency (clock cycles): 
    * Summary: 
    +-----+------+-----+------+---------+
    |   Latency  |  Interval  | Pipeline|
    | min |  max | min |  max |   Type  |
    +-----+------+-----+------+---------+
    |    2|  2051|    2|  2051|   none  |
    +-----+------+-----+------+---------+

    + Detail: 
        * Instance: 
        N/A

        * Loop: 
        +----------+-----+------+----------+-----------+-----------+----------+----------+
        |          |   Latency  | Iteration|  Initiation Interval  |   Trip   |          |
        | Loop Name| min |  max |  Latency |  achieved |   target  |   Count  | Pipelined|
        +----------+-----+------+----------+-----------+-----------+----------+----------+
        |- Loop 1  |    0|  2049|         3|          1|          1| 0 ~ 2048 |    yes   |
        +----------+-----+------+----------+-----------+-----------+----------+----------+



================================================================
== Utilization Estimates
================================================================
* Summary: 
+-----------------+---------+-------+--------+-------+
|       Name      | BRAM_18K| DSP48E|   FF   |  LUT  |
+-----------------+---------+-------+--------+-------+
|DSP              |        -|      -|       -|      -|
|Expression       |        -|      -|       0|    224|
|FIFO             |        -|      -|       -|      -|
|Instance         |        -|      -|       -|      -|
|Memory           |        -|      -|       -|      -|
|Multiplexer      |        -|      -|       -|     75|
|Register         |        -|      -|      90|      -|
+-----------------+---------+-------+--------+-------+
|Total            |        0|      0|      90|    299|
+-----------------+---------+-------+--------+-------+
|Available        |      280|    220|  106400|  53200|
+-----------------+---------+-------+--------+-------+
|Utilization (%)  |        0|      0|   ~0   |   ~0  |
+-----------------+---------+-------+--------+-------+

+ Detail: 
    * Instance: 
    N/A

    * DSP48: 
    N/A

    * Memory: 
    N/A

    * FIFO: 
    N/A

    * Expression: 
    +---------------------------+----------+-------+---+-----+------------+------------+
    |       Variable Name       | Operation| DSP48E| FF| LUT | Bitwidth P0| Bitwidth P1|
    +---------------------------+----------+-------+---+-----+------------+------------+
    |i_fu_92_p2                 |     +    |      0|  0|   19|          12|           1|
    |ap_block_pp0_stage0_11001  |    and   |      0|  0|    2|           1|           1|
    |ap_block_state4_io         |    and   |      0|  0|    2|           1|           1|
    |exitcond_i_fu_87_p2        |   icmp   |      0|  0|   13|          12|          12|
    |tmp_9_i_fu_128_p2          |   lshr   |      0|  0|  182|          64|          64|
    |ap_block_state1            |    or    |      0|  0|    2|           1|           1|
    |ap_enable_pp0              |    xor   |      0|  0|    2|           1|           2|
    |ap_enable_reg_pp0_iter1    |    xor   |      0|  0|    2|           2|           1|
    +---------------------------+----------+-------+---+-----+------------+------------+
    |Total                      |          |      0|  0|  224|          94|          83|
    +---------------------------+----------+-------+---+-----+------------+------------+

    * Multiplexer: 
    +--------------------------------+----+-----------+-----+-----------+
    |              Name              | LUT| Input Size| Bits| Total Bits|
    +--------------------------------+----+-----------+-----+-----------+
    |ap_NS_fsm                       |  21|          4|    1|          4|
    |ap_done                         |   9|          2|    1|          2|
    |ap_enable_reg_pp0_iter1         |   9|          2|    1|          2|
    |ap_enable_reg_pp0_iter2         |   9|          2|    1|          2|
    |ap_sig_ioackin_axis_V_V_TREADY  |   9|          2|    1|          2|
    |axis_V_V_TDATA_blk_n            |   9|          2|    1|          2|
    |i_i_reg_76                      |   9|          2|   12|         24|
    +--------------------------------+----+-----------+-----+-----------+
    |Total                           |  75|         16|   18|         38|
    +--------------------------------+----+-----------+-----+-----------+

    * Register: 
    +----------------------------------+----+----+-----+-----------+
    |               Name               | FF | LUT| Bits| Const Bits|
    +----------------------------------+----+----+-----+-----------+
    |ap_CS_fsm                         |   3|   0|    3|          0|
    |ap_done_reg                       |   1|   0|    1|          0|
    |ap_enable_reg_pp0_iter0           |   1|   0|    1|          0|
    |ap_enable_reg_pp0_iter1           |   1|   0|    1|          0|
    |ap_enable_reg_pp0_iter2           |   1|   0|    1|          0|
    |ap_reg_ioackin_axis_V_V_TREADY    |   1|   0|    1|          0|
    |axi_word_V_reg_162                |  64|   0|   64|          0|
    |exitcond_i_reg_143                |   1|   0|    1|          0|
    |exitcond_i_reg_143_pp0_iter1_reg  |   1|   0|    1|          0|
    |i_i_reg_76                        |  12|   0|   12|          0|
    |tmp_reg_157                       |   2|   0|    2|          0|
    |tmp_reg_157_pp0_iter1_reg         |   2|   0|    2|          0|
    +----------------------------------+----+----+-----+-----------+
    |Total                             |  90|   0|   90|          0|
    +----------------------------------+----+----+-----+-----------+



================================================================
== Interface
================================================================
* Summary: 
+------------------+-----+-----+------------+---------------+--------------+
|     RTL Ports    | Dir | Bits|  Protocol  | Source Object |    C Type    |
+------------------+-----+-----+------------+---------------+--------------+
|ap_clk            |  in |    1| ap_ctrl_hs | tx_axis_words | return value |
|ap_rst            |  in |    1| ap_ctrl_hs | tx_axis_words | return value |
|ap_start          |  in |    1| ap_ctrl_hs | tx_axis_words | return value |
|ap_done           | out |    1| ap_ctrl_hs | tx_axis_words | return value |
|ap_continue       |  in |    1| ap_ctrl_hs | tx_axis_words | return value |
|ap_idle           | out |    1| ap_ctrl_hs | tx_axis_words | return value |
|ap_ready          | out |    1| ap_ctrl_hs | tx_axis_words | return value |
|cache_V_address0  | out |    9|  ap_memory |    cache_V    |     array    |
|cache_V_ce0       | out |    1|  ap_memory |    cache_V    |     array    |
|cache_V_q0        |  in |   64|  ap_memory |    cache_V    |     array    |
|p_read            |  in |   12|   ap_none  |     p_read    |    scalar    |
|axis_V_V_TDATA    | out |   16|    axis    |    axis_V_V   |    pointer   |
|axis_V_V_TVALID   | out |    1|    axis    |    axis_V_V   |    pointer   |
|axis_V_V_TREADY   |  in |    1|    axis    |    axis_V_V   |    pointer   |
+------------------+-----+-----+------------+---------------+--------------+

